Copyright 1986-2018 Xilinx, Inc. All Rights Reserved.
------------------------------------------------------------------------------------
| Tool Version : Vivado v.2018.3 (win64) Build 2405991 Thu Dec  6 23:38:27 MST 2018
| Date         : Tue Jul 23 00:34:34 2019
| Host         : LAPTOP-EK0UNFM6 running 64-bit major release  (build 9200)
| Command      : report_control_sets -verbose -file main_control_sets_placed.rpt
| Design       : main
| Device       : xc7a100t
------------------------------------------------------------------------------------

Control Set Information

Table of Contents
-----------------
1. Summary
2. Histogram
3. Flip-Flop Distribution
4. Detailed Control Set Information

1. Summary
----------

+----------------------------------------------------------+-------+
|                          Status                          | Count |
+----------------------------------------------------------+-------+
| Number of unique control sets                            |    12 |
| Unused register locations in slices containing registers |    39 |
+----------------------------------------------------------+-------+


2. Histogram
------------

+--------+--------------+
| Fanout | Control Sets |
+--------+--------------+
|      4 |            7 |
|      5 |            1 |
|      8 |            1 |
|     12 |            1 |
|    16+ |            2 |
+--------+--------------+


3. Flip-Flop Distribution
-------------------------

+--------------+-----------------------+------------------------+-----------------+--------------+
| Clock Enable | Synchronous Set/Reset | Asynchronous Set/Reset | Total Registers | Total Slices |
+--------------+-----------------------+------------------------+-----------------+--------------+
| No           | No                    | No                     |              12 |            5 |
| No           | No                    | Yes                    |               5 |            2 |
| No           | Yes                   | No                     |              31 |           11 |
| Yes          | No                    | No                     |              57 |           18 |
| Yes          | No                    | Yes                    |               0 |            0 |
| Yes          | Yes                   | No                     |               0 |            0 |
+--------------+-----------------------+------------------------+-----------------+--------------+


4. Detailed Control Set Information
-----------------------------------

+----------------------+--------------------------------------------+-------------------------+------------------+----------------+
|     Clock Signal     |                Enable Signal               |     Set/Reset Signal    | Slice Load Count | Bel Load Count |
+----------------------+--------------------------------------------+-------------------------+------------------+----------------+
|  uno/clk             |                                            | maquina/contador_reg[2] |                2 |              4 |
|  CLK100MHZ_IBUF_BUFG |                                            |                         |                1 |              4 |
|  CLK100MHZ_IBUF_BUFG | switcher/u32_to_bcd_inst/shift[3]_i_1_n_0  |                         |                1 |              4 |
|  CLK100MHZ_IBUF_BUFG | switcher/u32_to_bcd_inst/shift[15]_i_1_n_0 |                         |                1 |              4 |
|  CLK100MHZ_IBUF_BUFG | switcher/u32_to_bcd_inst/shift[19]_i_1_n_0 |                         |                1 |              4 |
|  CLK100MHZ_IBUF_BUFG | switcher/u32_to_bcd_inst/shift[7]_i_1_n_0  |                         |                1 |              4 |
|  CLK100MHZ_IBUF_BUFG | switcher/u32_to_bcd_inst/shift[11]_i_1_n_0 |                         |                2 |              4 |
|  CLK100MHZ_IBUF_BUFG | switcher/u32_to_bcd_inst/counter_next      |                         |                3 |              5 |
|  uno/clk             |                                            |                         |                4 |              8 |
|  CLK100MHZ_IBUF_BUFG | CPU_RESET_IBUF                             |                         |                3 |             12 |
|  CLK100MHZ_IBUF_BUFG | switcher/u32_to_bcd_inst/bcd_next          |                         |                6 |             20 |
|  CLK100MHZ_IBUF_BUFG |                                            | uno/CPU_RESET           |               11 |             32 |
+----------------------+--------------------------------------------+-------------------------+------------------+----------------+


